---
source: libs/extractor/src/lib.rs
expression: "ToBTreeSet::from(extract(\"test.tsx\",\nr#\"import {Box} from '@devup-ui/core'\n        <Box positioning=\"top-left\" />\n        \"#,\nExtractOption\n{\n    package: \"@devup-ui/core\".to_string(), css_dir:\n    \"@devup-ui/core\".to_string(), single_css: false, import_main_css: false\n}).unwrap())"
---
ToBTreeSet {
    styles: {
        Static(
            ExtractStaticStyle {
                property: "left",
                value: "0",
                level: 0,
                selector: None,
                style_order: None,
            },
        ),
        Static(
            ExtractStaticStyle {
                property: "top",
                value: "0",
                level: 0,
                selector: None,
                style_order: None,
            },
        ),
    },
    code: "import \"@devup-ui/core/devup-ui-0.css\";\n<div className=\"a-a a-b\" />;\n",
}
