---
source: libs/extractor/src/lib.rs
expression: "extract(\"test.js\",\nr#\"import {Center} from '@devup-ui/core'\n<Center\n            bg={['$webBg', '$appBg', '$solutionBg'][categoryId - 1]}\n          >\n          </Center>\n        \"#,\nExtractOption\n{ package: \"@devup-ui/core\".to_string(), css_file: None }).unwrap()"
---
ExtractOutput {
    styles: [
        Static(
            ExtractStaticStyle {
                property: "display",
                value: "flex",
                level: 0,
                selector: None,
                basic: true,
            },
        ),
        Static(
            ExtractStaticStyle {
                property: "justifyContent",
                value: "center",
                level: 0,
                selector: None,
                basic: true,
            },
        ),
        Static(
            ExtractStaticStyle {
                property: "alignItems",
                value: "center",
                level: 0,
                selector: None,
                basic: true,
            },
        ),
        Dynamic(
            ExtractDynamicStyle {
                property: "background",
                level: 0,
                identifier: "[\n\t\"var(--webBg)\",\n\t\"var(--appBg)\",\n\t\"var(--solutionBg)\"\n][categoryId - 1]",
                selector: None,
            },
        ),
    ],
    code: "import \"@devup-ui/core/devup-ui.css\";\n<div className=\"d0 d1 d2 d3\" style={{ \"--d4\": [\n\t\"var(--webBg)\",\n\t\"var(--appBg)\",\n\t\"var(--solutionBg)\"\n][categoryId - 1] }}>\n          </div>;\n",
}
