---
source: libs/extractor/src/lib.rs
expression: "ToBTreeSet::from(extract(\"test.js\",\nr#\"import {Box} from '@devup-ui/core'\n    <Box selectors={{\n    \"*[aria-diabled='true'] &:hover\": {\n      opacity: 0.5\n      }\n    }} />\n            \"#,\nExtractOption\n{ package: \"@devup-ui/core\".to_string(), css_file: None }).unwrap())"
---
ToBTreeSet {
    styles: {
        Static(
            ExtractStaticStyle {
                property: "opacity",
                value: "0.5",
                level: 0,
                selector: Some(
                    Selector(
                        "*[aria-diabled='true'] &:hover",
                    ),
                ),
                style_order: None,
            },
        ),
    },
    code: "import \"@devup-ui/core/devup-ui.css\";\n<div className=\"d0\" />;\n",
}
