---
source: libs/extractor/src/lib.rs
expression: "ToBTreeSet::from(extract(\"test1.tsx\",\nr\"import {Box as C} from '@devup-ui/core'\n                <C padding={2} margin={3} />\n                \",\nExtractOption\n{\n    package: \"@devup-ui/core\".to_string(), css_file: None, split_css: true\n}).unwrap())"
---
ToBTreeSet {
    styles: {
        Static(
            ExtractStaticStyle {
                property: "margin",
                value: "12px",
                level: 0,
                selector: None,
                style_order: None,
            },
        ),
        Static(
            ExtractStaticStyle {
                property: "padding",
                value: "8px",
                level: 0,
                selector: None,
                style_order: None,
            },
        ),
    },
    code: "import \"@devup-ui/core/devup-ui-1.css\";\n<div className=\"b-c b-d\" />;\n",
}
