---
source: libs/extractor/src/lib.rs
expression: "ToBTreeSet::from(extract(\"test.jsx\",\nr#\"import {Box} from '@devup-ui/core'\n        <Box styleVars={{\n            variable\n        }} />\n                \"#,\nExtractOption\n{ package: \"@devup-ui/core\".to_string(), css_file: None }).unwrap())"
---
ToBTreeSet {
    styles: {},
    code: "<div style={{ \"--variable\": variable }} />;\n",
}
