---
source: libs/extractor/src/lib.rs
expression: "extract(\"test.tsx\", r#\"import {W} from '@devup-ui/core'\n        \"#,\nExtractOption\n{ package: \"@devup-ui/core\".to_string(), css_file: None }).unwrap()"
---
ExtractOutput {
    styles: [],
    code: "import { W } from \"@devup-ui/core\";\n",
}
