---
source: libs/extractor/src/lib.rs
expression: "ToBTreeSet::from(extract(\"test.tsx\",\nr#\"import { Box } from \"@devup-ui/core\";\n<Box bg=\"blue;;\" />\n\"#, ExtractOption\n{ package: \"@devup-ui/core\".to_string(), css_file: None }).unwrap())"
---
ToBTreeSet {
    styles: {
        Static(
            ExtractStaticStyle {
                property: "background",
                value: "blue",
                level: 0,
                selector: None,
                style_order: None,
            },
        ),
    },
    code: "import \"@devup-ui/core/devup-ui.css\";\n<div className=\"d0\" />;\n",
}
