---
source: libs/extractor/src/lib.rs
expression: "extract(\"test.js\",\nr#\"import {Flex} from '@devup-ui/core'\n;<Flex gap={{ 0: [a, b, c], \"1\": [d, e, f] }[idx]} />\n        \"#,\nExtractOption\n{ package: \"@devup-ui/core\".to_string(), css_file: None }).unwrap()"
---
ExtractOutput {
    styles: [
        Static(
            ExtractStaticStyle {
                property: "display",
                value: "flex",
                level: 0,
                selector: None,
                style_order: Some(
                    0,
                ),
            },
        ),
        Dynamic(
            ExtractDynamicStyle {
                property: "gap",
                level: 0,
                identifier: "a",
                selector: None,
                style_order: None,
            },
        ),
        Dynamic(
            ExtractDynamicStyle {
                property: "gap",
                level: 1,
                identifier: "b",
                selector: None,
                style_order: None,
            },
        ),
        Dynamic(
            ExtractDynamicStyle {
                property: "gap",
                level: 2,
                identifier: "c",
                selector: None,
                style_order: None,
            },
        ),
        Dynamic(
            ExtractDynamicStyle {
                property: "gap",
                level: 0,
                identifier: "d",
                selector: None,
                style_order: None,
            },
        ),
        Dynamic(
            ExtractDynamicStyle {
                property: "gap",
                level: 1,
                identifier: "e",
                selector: None,
                style_order: None,
            },
        ),
        Dynamic(
            ExtractDynamicStyle {
                property: "gap",
                level: 2,
                identifier: "f",
                selector: None,
                style_order: None,
            },
        ),
    ],
    code: "import \"@devup-ui/core/devup-ui.css\";\n<div className={`d0 ${{\n\t\"0\": \"d1 d3 d5\",\n\t\"1\": \"d1 d3 d5\"\n}[idx]}`} style={{\n\t\"--d2\": {\n\t\t0: a,\n\t\t1: d\n\t}[idx],\n\t\"--d4\": {\n\t\t0: b,\n\t\t1: e\n\t}[idx],\n\t\"--d6\": {\n\t\t0: c,\n\t\t1: f\n\t}[idx]\n}} />;\n",
}
