---
source: libs/extractor/src/lib.rs
expression: "ToBTreeSet::from(extract(\"test.js\",\nr#\"import {Flex} from '@devup-ui/core'\n        <Flex opacity={[1, 0.5][0]} />\n        \"#,\nExtractOption\n{ package: \"@devup-ui/core\".to_string(), css_file: None }).unwrap())"
---
ToBTreeSet {
    styles: {
        Static(
            ExtractStaticStyle {
                property: "display",
                value: "flex",
                level: 0,
                selector: None,
                style_order: Some(
                    0,
                ),
            },
        ),
        Static(
            ExtractStaticStyle {
                property: "opacity",
                value: "1",
                level: 0,
                selector: None,
                style_order: None,
            },
        ),
    },
    code: "import \"@devup-ui/core/devup-ui.css\";\n<div className=\"d0 d1\" />;\n",
}
