---
source: libs/extractor/src/lib.rs
expression: "extract(\"test.tsx\",\nr#\"import { Flex } from \"@devup-ui/core\";\n<Flex display={['none', null, \"flex\"]}/>;\n\"#,\nExtractOption\n{ package: \"@devup-ui/core\".to_string(), css_file: None }).unwrap()"
---
ExtractOutput {
    styles: [
        Static(
            ExtractStaticStyle {
                property: "display",
                value: "flex",
                level: 0,
                selector: None,
                basic: true,
            },
        ),
        Static(
            ExtractStaticStyle {
                property: "display",
                value: "none",
                level: 0,
                selector: None,
                basic: false,
            },
        ),
        Static(
            ExtractStaticStyle {
                property: "display",
                value: "flex",
                level: 2,
                selector: None,
                basic: false,
            },
        ),
    ],
    code: "import \"@devup-ui/core/devup-ui.css\";\n<div className=\"d3 d4 d5\" />;\n",
}
