---
source: libs/extractor/src/lib.rs
expression: "extract(\"test.js\",\nr#\"import {Flex} from '@devup-ui/core'\n        <Flex bg={{a:\"$red\", b:\"$blue\"}[idx]} />\n        \"#,\nExtractOption\n{ package: \"@devup-ui/core\".to_string(), css_file: None }).unwrap()"
---
ExtractOutput {
    styles: [
        Static(
            ExtractStaticStyle {
                property: "display",
                value: "flex",
                level: 0,
                selector: None,
                style_order: Some(
                    0,
                ),
            },
        ),
        Static(
            ExtractStaticStyle {
                property: "background",
                value: "$red",
                level: 0,
                selector: None,
                style_order: None,
            },
        ),
        Static(
            ExtractStaticStyle {
                property: "background",
                value: "$blue",
                level: 0,
                selector: None,
                style_order: None,
            },
        ),
    ],
    code: "import \"@devup-ui/core/devup-ui.css\";\n<div className={`d0 ${{\n\t\"a\": \"d1\",\n\t\"b\": \"d2\"\n}[idx]}`} />;\n",
}
