---
source: libs/extractor/src/lib.rs
expression: "ToBTreeSet::from(extract(\"test.tsx\",\nr#\"import { css } from \"@devup-ui/core\";\n<Box className={css`\n  @media (min-width: 768px) {\n    & {\n      background-color: red;\n    }\n  }\n`}/>;\n\"#,\nExtractOption\n{ package: \"@devup-ui/core\".to_string(), css_file: None }).unwrap())"
---
ToBTreeSet {
    styles: {
        Static(
            ExtractStaticStyle {
                property: "background-color",
                value: "red",
                level: 0,
                selector: Some(
                    Media {
                        query: "(min-width:768px)",
                        selector: None,
                    },
                ),
                style_order: None,
            },
        ),
    },
    code: "import \"@devup-ui/core/devup-ui.css\";\n<Box className={\"d0\"} />;\n",
}
