---
source: libs/extractor/src/lib.rs
expression: "extract(\"test.tsx\",\nr\"import {Box as C} from '@devup-ui/core'\n                <C padding={1} margin={2} />\n                \",\nExtractOption\n{ package: \"@devup-ui/core\".to_string(), css_file: None }).unwrap()"
---
ExtractOutput {
    styles: [
        Static(
            ExtractStaticStyle {
                property: "padding",
                value: "4px",
                level: 0,
                selector: None,
            },
        ),
        Static(
            ExtractStaticStyle {
                property: "margin",
                value: "8px",
                level: 0,
                selector: None,
            },
        ),
    ],
    code: "import \"@devup-ui/core/devup-ui.css\";\nimport { Box as C } from \"@devup-ui/core\";\n<div className=\"d14330397360050164060 d5274499629582391758\" />;\n",
}
