---
source: libs/extractor/src/lib.rs
expression: "extract(\"test.tsx\",\nr#\"import { Box } from \"@devup-ui/core\";\n<Box margin={a} style={{ key:value }} />;\n\"#,\nExtractOption\n{ package: \"@devup-ui/core\".to_string(), css_file: None }).unwrap()"
---
ExtractOutput {
    styles: [
        Dynamic(
            ExtractDynamicStyle {
                property: "margin",
                level: 0,
                identifier: "a",
                selector: None,
            },
        ),
    ],
    code: "import \"@devup-ui/core/devup-ui.css\";\n<div className=\"d0\" style={{\n\t...{ key: value },\n\t\"--d1\": a\n}} />;\n",
}
