---
source: libs/extractor/src/lib.rs
expression: "ToBTreeSet::from(extract(\"test.tsx\",\nr#\"import { css } from \"@devup-ui/core\";\n<Box className={css``}/>;\n\"#,\nExtractOption\n{ package: \"@devup-ui/core\".to_string(), css_file: None }).unwrap())"
---
ToBTreeSet {
    styles: {},
    code: "<Box className={\"\"} />;\n",
}
