---
source: libs/extractor/src/lib.rs
expression: "extract(\"test.tsx\",\nr#\"import {Text} from '@devup-ui/core'\n        <Text typography=\"bold\" />\n        \"#,\nExtractOption\n{ package: \"@devup-ui/core\".to_string(), css_file: None }).unwrap()"
---
ExtractOutput {
    styles: [
        Typography(
            "bold",
        ),
    ],
    code: "import \"@devup-ui/core/devup-ui.css\";\nimport { Text } from \"@devup-ui/core\";\n<span className=\"typo-bold\" />;\n",
}
