---
source: libs/extractor/src/lib.rs
expression: "ToBTreeSet::from(extract(\"test.js\",\nr#\"import { jsx as e } from \"react/jsx-runtime\";\nimport { Box as o } from \"@devup-ui/core\";\ne(o, { className: \"a\", bg: \"red\" })\n\"#,\nExtractOption\n{ package: \"@devup-ui/core\".to_string(), css_file: None }).unwrap())"
---
ToBTreeSet {
    styles: {
        Static(
            ExtractStaticStyle {
                property: "background",
                value: "red",
                level: 0,
                selector: None,
                style_order: None,
            },
        ),
    },
    code: "import \"@devup-ui/core/devup-ui.css\";\nimport { jsx as e } from \"react/jsx-runtime\";\ne(\"div\", { className: \"a d0\" });\n",
}
