---
source: libs/extractor/src/lib.rs
expression: "ToBTreeSet::from(extract(\"test.tsx\",\nr#\"import {Box as DevupButton} from '@devup-ui/core'\n        <DevupButton\n      className={className}\n      typography={typography}\n    >\n    </DevupButton>\n        \"#,\nExtractOption\n{ package: \"@devup-ui/core\".to_string(), css_file: None }).unwrap())"
---
ToBTreeSet {
    styles: {},
    code: "<div className={`${className || \"\"} ${typography ? `typo-${typography}` : \"\"}`}>\n    </div>;\n",
}
