---
source: libs/extractor/src/lib.rs
expression: "ToBTreeSet::from(extract(\"test.tsx\",\nr#\"import { globalCss } from \"@devup-ui/core\";\nglobalCss({\n  imports: [`@devup-ui/core/css/global3.css`, `@devup-ui/core/css/global4.css`]\n})\n\"#,\nExtractOption\n{ package: \"@devup-ui/core\".to_string(), css_file: None }).unwrap())"
---
ToBTreeSet {
    styles: {
        Import(
            ExtractImport {
                url: "@devup-ui/core/css/global3.css",
                file: "test.tsx",
            },
        ),
        Import(
            ExtractImport {
                url: "@devup-ui/core/css/global4.css",
                file: "test.tsx",
            },
        ),
    },
    code: "import \"@devup-ui/core/devup-ui.css\";\n;\n",
}
