---
source: libs/extractor/src/lib.rs
expression: "extract(\"test.tsx\",\nr#\"import { Box } from \"@devup-ui/core\";\n<Box margin={a===b && \"1px\"} />;\n\"#,\nExtractOption\n{ package: \"@devup-ui/core\".to_string(), css_file: None }).unwrap()"
---
ExtractOutput {
    styles: [
        Static(
            ExtractStaticStyle {
                property: "margin",
                value: "1px",
                level: 0,
                selector: None,
                style_order: None,
            },
        ),
    ],
    code: "import \"@devup-ui/core/devup-ui.css\";\n<div className={a === b ? \"d0\" : \"\"} />;\n",
}
