---
source: libs/sheet/src/lib.rs
expression: sheet.create_css()
---
".test{margin-left:40px}.test{margin-right:40px}@media(min-width:480px){.test{margin-left:40px}.test{margin-left:44px}.test{margin-right:40px}.test{margin-right:44px}}@media(min-width:480px){.test{margin-left:50px}.test{margin-right:50px}}.test{margin-left:70px}.test{margin-right:70px}@media(min-width:480px){.test{margin-left:60px}.test{margin-right:60px}}"
