---
source: libs/sheet/src/theme.rs
expression: theme.to_css()
---
":root{--primary:#000;}\n"
