---
source: libs/sheet/src/lib.rs
expression: sheet.create_css()
---
"@keyframes fadeIn{from{opacity:0}to{opacity:1}}"
