---
source: libs/sheet/src/lib.rs
expression: sheet.create_css()
---
"div{background-color:red}.test2:hover{background-color:red}"
