---
source: libs/sheet/src/lib.rs
expression: sheet.create_css()
---
":root[data-theme=dark] .test{margin-left:40px;margin-right:40px}:root[data-theme=light] .test{margin-left:50px;margin-right:50px}:root[data-theme=dark] .test{margin-top:40px;margin-bottom:40px}"
