---
source: libs/sheet/src/lib.rs
expression: sheet.create_css(None)
---
"@layer b;@layer b{.test{border-color:red}}.test{border:1px solid}"
