---
source: bindings/devup-ui-wasm/src/lib.rs
expression: theme.to_css()
---
":root{color-scheme:light;--primary:#000}:root[data-theme=a]{color-scheme:dark}:root[data-theme=b]{color-scheme:dark}:root[data-theme=c]{color-scheme:dark}"
